../Core/Src/states.c:14:6:int_command	32	static
../Core/Src/states.c:62:6:Control_System	8	static
../Core/Src/states.c:94:9:Enable_Pin_CMD	16	static
../Core/Src/states.c:115:6:Reset_State	8	static
../Core/Src/states.c:124:6:Manual_State	8	static
../Core/Src/states.c:129:6:Experimental_Mode	4	static
../Core/Src/states.c:132:6:Automatic_Mode	4	static
../Core/Src/states.c:135:6:Disable_Pin	4	static
../Core/Src/states.c:138:6:Enable_Pin	4	static
../Core/Src/states.c:185:9:my_command	32	static
../Core/Src/states.c:196:6:_push_message	32	static
../Core/Src/states.c:208:6:append_char	16	static
../Core/Src/states.c:213:6:start_tx	8	static
../Core/Src/states.c:221:7:_my_strtok	24	static
